warning: field `dimension` is never read
   --> crates\operator-core\src\operator.rs:107:5
    |
106 | pub struct IdentityOperator {
    |            ---------------- field in this struct
107 |     dimension: usize,
    |     ^^^^^^^^^
    |
    = note: `#[warn(dead_code)]` (part of `#[warn(unused)]`) on by default

warning: `operator-core` (lib) generated 1 warning
warning: fields `earliest_start` and `latest_finish` are never read
  --> crates\optimizer\src\lib.rs:16:5
   |
14 | struct DagNode {
   |        ------- fields in this struct
15 |     operator: Arc<dyn Operator>,
16 |     earliest_start: u64,
   |     ^^^^^^^^^^^^^^
17 |     latest_finish: u64,
   |     ^^^^^^^^^^^^^
   |
   = note: `#[warn(dead_code)]` (part of `#[warn(unused)]`) on by default

warning: `optimizer` (lib) generated 1 warning
   Compiling ai-agent v3.0.0-ai-powered (D:\a10\aikjx\gitcode\算子统一系统完整工程包 (operator-unified-system.zip)\operator-unified-system\crates\ai-agent)
warning: variable does not need to be mutable
   --> crates\ai-agent\src\flow_engine.rs:178:9
    |
178 |         mut input: HashMap<String, serde_json::Value>,
    |         ----^^^^^
    |         |
    |         help: remove this `mut`
    |
    = note: `#[warn(unused_mut)]` (part of `#[warn(unused)]`) on by default

warning: unused variable: `node_name`
   --> crates\ai-agent\src\flow_engine.rs:212:17
    |
212 |             let node_name = node.name.clone();
    |                 ^^^^^^^^^ help: if this is intentional, prefix it with an underscore: `_node_name`
    |
    = note: `#[warn(unused_variables)]` (part of `#[warn(unused)]`) on by default

warning: unused variable: `node_type_str`
   --> crates\ai-agent\src\flow_engine.rs:213:17
    |
213 |             let node_type_str = format!("{:?}", node.node_type);
    |                 ^^^^^^^^^^^^^ help: if this is intentional, prefix it with an underscore: `_node_type_str`

warning: unused variable: `duration`
   --> crates\ai-agent\src\flow_engine.rs:214:17
    |
214 |             let duration = result.duration_ms;
    |                 ^^^^^^^^ help: if this is intentional, prefix it with an underscore: `_duration`

warning: type `ResourceUsageSnapshot` is more private than the item `resource_manager::ResourceManager::get_usage_history`
   --> crates\ai-agent\src\resource_manager.rs:299:5
    |
299 |     pub fn get_usage_history(&self, limit: usize) -> Vec<ResourceUsageSnapshot> {
    |     ^^^^^^^^^^^^^^^^^^^^^^^^^^^^^^^^^^^^^^^^^^^^^^^^^^^^^^^^^^^^^^^^^^^^^^^^^^^ method `resource_manager::ResourceManager::get_usage_history` is reachable at visibility `pub`
    |
note: but type `ResourceUsageSnapshot` is only usable at visibility `pub(self)`
   --> crates\ai-agent\src\resource_manager.rs:52:1
    |
 52 | struct ResourceUsageSnapshot {
    | ^^^^^^^^^^^^^^^^^^^^^^^^^^^^
    = note: `#[warn(private_interfaces)]` on by default

warning: type `MessageFilter` is more private than the item `plugin_bus::PluginBus::subscribe`
   --> crates\ai-agent\src\plugin_bus.rs:178:5
    |
178 |     pub fn subscribe(&mut self, plugin_id: &str, topic: &str, filter: Option<MessageFilter>) {
    |     ^^^^^^^^^^^^^^^^^^^^^^^^^^^^^^^^^^^^^^^^^^^^^^^^^^^^^^^^^^^^^^^^^^^^^^^^^^^^^^^^^^^^^^^^ method `plugin_bus::PluginBus::subscribe` is reachable at visibility `pub`
    |
note: but type `MessageFilter` is only usable at visibility `pub(self)`
   --> crates\ai-agent\src\plugin_bus.rs:40:1
    |
 40 | enum MessageFilter {
    | ^^^^^^^^^^^^^^^^^^

warning: field `operator_knowledge` is never read
  --> crates\ai-agent\src\conversation.rs:15:5
   |
12 | pub struct ConversationEngine {
   |            ------------------ field in this struct
...
15 |     operator_knowledge: OperatorKnowledge,
   |     ^^^^^^^^^^^^^^^^^^
   |
   = note: `#[warn(dead_code)]` (part of `#[warn(unused)]`) on by default

warning: fields `keywords` and `category_keywords` are never read
  --> crates\ai-agent\src\conversation.rs:20:5
   |
19 | struct OperatorKnowledge {
   |        ----------------- fields in this struct
20 |     keywords: HashMap<String, Vec<String>>,
   |     ^^^^^^^^
21 |     category_keywords: HashMap<String, Vec<String>>,
   |     ^^^^^^^^^^^^^^^^^

warning: field `operator_mappings` is never read
  --> crates\ai-agent\src\algorithm.rs:17:5
   |
13 | pub struct AlgorithmAnalyzer {
   |            ----------------- field in this struct
...
17 |     operator_mappings: Vec<OperatorMappingRule>,
   |     ^^^^^^^^^^^^^^^^^

warning: fields `pattern`, `operator_id`, and `confidence` are never read
  --> crates\ai-agent\src\algorithm.rs:36:5
   |
35 | struct OperatorMappingRule {
   |        ------------------- fields in this struct
36 |     pattern: String,
   |     ^^^^^^^
37 |     operator_id: String,
   |     ^^^^^^^^^^^
38 |     confidence: f64,
   |     ^^^^^^^^^^
   |
   = note: `OperatorMappingRule` has derived impls for the traits `Clone` and `Debug`, but these are intentionally ignored during dead code analysis

warning: fields `loaded_at` and `memory_footprint` are never read
  --> crates\ai-agent\src\resource_manager.rs:35:5
   |
33 | struct CachedOperator {
   |        -------------- fields in this struct
34 |     operator_id: String,
35 |     loaded_at: chrono::DateTime<Utc>,
   |     ^^^^^^^^^
...
38 |     memory_footprint: u64,
   |     ^^^^^^^^^^^^^^^^
   |
   = note: `CachedOperator` has derived impls for the traits `Clone` and `Debug`, but these are intentionally ignored during dead code analysis

warning: fields `workflow_id`, `started_at`, `resources_held`, and `status` are never read
  --> crates\ai-agent\src\resource_manager.rs:44:5
   |
43 | struct WorkflowContext {
   |        --------------- fields in this struct
44 |     workflow_id: String,
   |     ^^^^^^^^^^^
45 |     started_at: chrono::DateTime<Utc>,
   |     ^^^^^^^^^^
46 |     resources_held: Vec<String>,
   |     ^^^^^^^^^^^^^^
47 |     status: String,
   |     ^^^^^^
   |
   = note: `WorkflowContext` has derived impls for the traits `Clone` and `Debug`, but these are intentionally ignored during dead code analysis

warning: fields `timestamp` and `usage` are never read
  --> crates\ai-agent\src\resource_manager.rs:53:5
   |
52 | struct ResourceUsageSnapshot {
   |        --------------------- fields in this struct
53 |     timestamp: chrono::DateTime<Utc>,
   |     ^^^^^^^^^
54 |     usage: HashMap<ResourceType, f64>,
   |     ^^^^^
   |
   = note: `ResourceUsageSnapshot` has derived impls for the traits `Clone` and `Debug`, but these are intentionally ignored during dead code analysis

warning: fields `pending_responses` and `message_log` are never read
  --> crates\ai-agent\src\plugin_bus.rs:24:5
   |
18 | pub struct PluginBus {
   |            --------- fields in this struct
...
24 |     pending_responses: HashMap<String, tokio::sync::oneshot::Sender<PluginMessage>>,
   |     ^^^^^^^^^^^^^^^^^
25 |     /// 消息历史
26 |     message_log: Vec<PluginMessage>,
   |     ^^^^^^^^^^^

warning: variants `FromPlugin` and `Custom` are never constructed
  --> crates\ai-agent\src\plugin_bus.rs:42:5
   |
40 | enum MessageFilter {
   |      ------------- variants in this enum
41 |     /// 仅接收来自特定插件的消息
42 |     FromPlugin(String),
   |     ^^^^^^^^^^
43 |     /// 自定义谓词
44 |     Custom(fn(&PluginMessage) -> bool),
   |     ^^^^^^
   |
   = note: `MessageFilter` has a derived impl for the trait `Clone`, but this is intentionally ignored during dead code analysis

warning: function `action_type_name` is never used
   --> crates\ai-agent\src\browser_automation.rs:814:4
    |
814 | fn action_type_name(a: &BrowserAction) -> String {
    |    ^^^^^^^^^^^^^^^^

warning: `ai-agent` (lib) generated 16 warnings (run `cargo fix --lib -p ai-agent` to apply 4 suggestions)
   Compiling runtime v3.0.0-ai-powered (D:\a10\aikjx\gitcode\算子统一系统完整工程包 (operator-unified-system.zip)\operator-unified-system\crates\runtime)
warning: unused imports: `FlowEdge`, `FlowExecutionResult`, `FlowNode`, and `NodeType`
  --> crates\runtime\src\main.rs:31:21
   |
31 |     FlowDefinition, FlowExecutionResult, FlowNode, FlowEdge, NodeType,
   |                     ^^^^^^^^^^^^^^^^^^^  ^^^^^^^^  ^^^^^^^^  ^^^^^^^^
   |
   = note: `#[warn(unused_imports)]` (part of `#[warn(unused)]`) on by default

warning: struct `UpdateFlowRequest` is never constructed
    --> crates\runtime\src\main.rs:1221:8
     |
1221 | struct UpdateFlowRequest {
     |        ^^^^^^^^^^^^^^^^^
     |
     = note: `#[warn(dead_code)]` (part of `#[warn(unused)]`) on by default

warning: `runtime` (bin "operator-server") generated 2 warnings (run `cargo fix --bin "operator-server" -p runtime` to apply 1 suggestion)
    Finished `release` profile [optimized] target(s) in 1m 16s
