warning: field `dimension` is never read
   --> crates\operator-core\src\operator.rs:107:5
    |
106 | pub struct IdentityOperator {
    |            ---------------- field in this struct
107 |     dimension: usize,
    |     ^^^^^^^^^
    |
    = note: `#[warn(dead_code)]` (part of `#[warn(unused)]`) on by default

warning: `operator-core` (lib) generated 1 warning
warning: fields `earliest_start` and `latest_finish` are never read
  --> crates\optimizer\src\lib.rs:16:5
   |
14 | struct DagNode {
   |        ------- fields in this struct
15 |     operator: Arc<dyn Operator>,
16 |     earliest_start: u64,
   |     ^^^^^^^^^^^^^^
17 |     latest_finish: u64,
   |     ^^^^^^^^^^^^^
   |
   = note: `#[warn(dead_code)]` (part of `#[warn(unused)]`) on by default

warning: `optimizer` (lib) generated 1 warning
warning: unused import: `OptionalExtension`
  --> crates\ai-agent\src\lib.rs:48:24
   |
48 | use rusqlite::{params, OptionalExtension};
   |                        ^^^^^^^^^^^^^^^^^
   |
   = note: `#[warn(unused_imports)]` (part of `#[warn(unused)]`) on by default

warning: variable does not need to be mutable
   --> crates\ai-agent\src\flow_engine.rs:182:9
    |
182 |         mut input: HashMap<String, serde_json::Value>,
    |         ----^^^^^
    |         |
    |         help: remove this `mut`
    |
    = note: `#[warn(unused_mut)]` (part of `#[warn(unused)]`) on by default

warning: unused variable: `node_name`
   --> crates\ai-agent\src\flow_engine.rs:216:17
    |
216 |             let node_name = node.name.clone();
    |                 ^^^^^^^^^ help: if this is intentional, prefix it with an underscore: `_node_name`
    |
    = note: `#[warn(unused_variables)]` (part of `#[warn(unused)]`) on by default

warning: unused variable: `node_type_str`
   --> crates\ai-agent\src\flow_engine.rs:217:17
    |
217 |             let node_type_str = format!("{:?}", node.node_type);
    |                 ^^^^^^^^^^^^^ help: if this is intentional, prefix it with an underscore: `_node_type_str`

warning: unused variable: `duration`
   --> crates\ai-agent\src\flow_engine.rs:218:17
    |
218 |             let duration = result.duration_ms;
    |                 ^^^^^^^^ help: if this is intentional, prefix it with an underscore: `_duration`

warning: type `ResourceUsageSnapshot` is more private than the item `resource_manager::ResourceManager::get_usage_history`
   --> crates\ai-agent\src\resource_manager.rs:299:5
    |
299 |     pub fn get_usage_history(&self, limit: usize) -> Vec<ResourceUsageSnapshot> {
    |     ^^^^^^^^^^^^^^^^^^^^^^^^^^^^^^^^^^^^^^^^^^^^^^^^^^^^^^^^^^^^^^^^^^^^^^^^^^^ method `resource_manager::ResourceManager::get_usage_history` is reachable at visibility `pub`
    |
note: but type `ResourceUsageSnapshot` is only usable at visibility `pub(self)`
   --> crates\ai-agent\src\resource_manager.rs:52:1
    |
 52 | struct ResourceUsageSnapshot {
    | ^^^^^^^^^^^^^^^^^^^^^^^^^^^^
    = note: `#[warn(private_interfaces)]` on by default

warning: type `MessageFilter` is more private than the item `plugin_bus::PluginBus::subscribe`
   --> crates\ai-agent\src\plugin_bus.rs:178:5
    |
178 |     pub fn subscribe(&mut self, plugin_id: &str, topic: &str, filter: Option<MessageFilter>) {
    |     ^^^^^^^^^^^^^^^^^^^^^^^^^^^^^^^^^^^^^^^^^^^^^^^^^^^^^^^^^^^^^^^^^^^^^^^^^^^^^^^^^^^^^^^^ method `plugin_bus::PluginBus::subscribe` is reachable at visibility `pub`
    |
note: but type `MessageFilter` is only usable at visibility `pub(self)`
   --> crates\ai-agent\src\plugin_bus.rs:40:1
    |
 40 | enum MessageFilter {
    | ^^^^^^^^^^^^^^^^^^

warning: field `operator_knowledge` is never read
  --> crates\ai-agent\src\conversation.rs:15:5
   |
12 | pub struct ConversationEngine {
   |            ------------------ field in this struct
...
15 |     operator_knowledge: OperatorKnowledge,
   |     ^^^^^^^^^^^^^^^^^^
   |
   = note: `#[warn(dead_code)]` (part of `#[warn(unused)]`) on by default

warning: fields `keywords` and `category_keywords` are never read
  --> crates\ai-agent\src\conversation.rs:20:5
   |
19 | struct OperatorKnowledge {
   |        ----------------- fields in this struct
20 |     keywords: HashMap<String, Vec<String>>,
   |     ^^^^^^^^
21 |     category_keywords: HashMap<String, Vec<String>>,
   |     ^^^^^^^^^^^^^^^^^

warning: field `operator_mappings` is never read
  --> crates\ai-agent\src\algorithm.rs:17:5
   |
13 | pub struct AlgorithmAnalyzer {
   |            ----------------- field in this struct
...
17 |     operator_mappings: Vec<OperatorMappingRule>,
   |     ^^^^^^^^^^^^^^^^^

warning: fields `pattern`, `operator_id`, and `confidence` are never read
  --> crates\ai-agent\src\algorithm.rs:36:5
   |
35 | struct OperatorMappingRule {
   |        ------------------- fields in this struct
36 |     pattern: String,
   |     ^^^^^^^
37 |     operator_id: String,
   |     ^^^^^^^^^^^
38 |     confidence: f64,
   |     ^^^^^^^^^^
   |
   = note: `OperatorMappingRule` has derived impls for the traits `Clone` and `Debug`, but these are intentionally ignored during dead code analysis

warning: fields `loaded_at` and `memory_footprint` are never read
  --> crates\ai-agent\src\resource_manager.rs:35:5
   |
33 | struct CachedOperator {
   |        -------------- fields in this struct
34 |     operator_id: String,
35 |     loaded_at: chrono::DateTime<Utc>,
   |     ^^^^^^^^^
...
38 |     memory_footprint: u64,
   |     ^^^^^^^^^^^^^^^^
   |
   = note: `CachedOperator` has derived impls for the traits `Clone` and `Debug`, but these are intentionally ignored during dead code analysis

warning: fields `workflow_id`, `started_at`, `resources_held`, and `status` are never read
  --> crates\ai-agent\src\resource_manager.rs:44:5
   |
43 | struct WorkflowContext {
   |        --------------- fields in this struct
44 |     workflow_id: String,
   |     ^^^^^^^^^^^
45 |     started_at: chrono::DateTime<Utc>,
   |     ^^^^^^^^^^
46 |     resources_held: Vec<String>,
   |     ^^^^^^^^^^^^^^
47 |     status: String,
   |     ^^^^^^
   |
   = note: `WorkflowContext` has derived impls for the traits `Clone` and `Debug`, but these are intentionally ignored during dead code analysis

warning: fields `timestamp` and `usage` are never read
  --> crates\ai-agent\src\resource_manager.rs:53:5
   |
52 | struct ResourceUsageSnapshot {
   |        --------------------- fields in this struct
53 |     timestamp: chrono::DateTime<Utc>,
   |     ^^^^^^^^^
54 |     usage: HashMap<ResourceType, f64>,
   |     ^^^^^
   |
   = note: `ResourceUsageSnapshot` has derived impls for the traits `Clone` and `Debug`, but these are intentionally ignored during dead code analysis

warning: fields `pending_responses` and `message_log` are never read
  --> crates\ai-agent\src\plugin_bus.rs:24:5
   |
18 | pub struct PluginBus {
   |            --------- fields in this struct
...
24 |     pending_responses: HashMap<String, tokio::sync::oneshot::Sender<PluginMessage>>,
   |     ^^^^^^^^^^^^^^^^^
25 |     /// 消息历史
26 |     message_log: Vec<PluginMessage>,
   |     ^^^^^^^^^^^

warning: variants `FromPlugin` and `Custom` are never constructed
  --> crates\ai-agent\src\plugin_bus.rs:42:5
   |
40 | enum MessageFilter {
   |      ------------- variants in this enum
41 |     /// 仅接收来自特定插件的消息
42 |     FromPlugin(String),
   |     ^^^^^^^^^^
43 |     /// 自定义谓词
44 |     Custom(fn(&PluginMessage) -> bool),
   |     ^^^^^^
   |
   = note: `MessageFilter` has a derived impl for the trait `Clone`, but this is intentionally ignored during dead code analysis

warning: function `action_type_name` is never used
   --> crates\ai-agent\src\browser_automation.rs:818:4
    |
818 | fn action_type_name(a: &BrowserAction) -> String {
    |    ^^^^^^^^^^^^^^^^

warning: `ai-agent` (lib) generated 17 warnings (run `cargo fix --lib -p ai-agent` to apply 5 suggestions)
warning: unused import: `body::Body`
  --> crates\runtime\src\rbac_middleware.rs:14:5
   |
14 |     body::Body,
   |     ^^^^^^^^^^
   |
   = note: `#[warn(unused_imports)]` (part of `#[warn(unused)]`) on by default

warning: unused variable: `event`
   --> crates\runtime\src\rbac_middleware.rs:279:21
    |
279 |     fn write(&self, event: AuditEvent) -> Result<(), String> {
    |                     ^^^^^ help: if this is intentional, prefix it with an underscore: `_event`
    |
    = note: `#[warn(unused_variables)]` (part of `#[warn(unused)]`) on by default

warning: `runtime` (lib) generated 2 warnings (run `cargo fix --lib -p runtime` to apply 2 suggestions)
warning: unused imports: `FlowEdge`, `FlowExecutionResult`, `FlowNode`, and `NodeType`
  --> crates\runtime\src\main.rs:34:21
   |
34 |     FlowDefinition, FlowExecutionResult, FlowNode, FlowEdge, NodeType,
   |                     ^^^^^^^^^^^^^^^^^^^  ^^^^^^^^  ^^^^^^^^  ^^^^^^^^
   |
   = note: `#[warn(unused_imports)]` (part of `#[warn(unused)]`) on by default

warning: unused import: `serde_json::json`
  --> crates\runtime\src\main.rs:38:5
   |
38 | use serde_json::json;
   |     ^^^^^^^^^^^^^^^^

warning: unused import: `body::Body`
  --> crates\runtime\src\rbac_middleware.rs:14:5
   |
14 |     body::Body,
   |     ^^^^^^^^^^

warning: unused import: `AutoTest`
  --> crates\runtime\src\automation.rs:28:5
   |
28 |     AutoTest, AutoTestGen, BusinessBlueprintLite, ErrorAnalyzer, Feature, FixProposal, RbacDeriver,
   |     ^^^^^^^^

warning: variable does not need to be mutable
    --> crates\runtime\src\main.rs:1118:9
     |
1118 |     let mut market = state.market.index.lock().await;
     |         ----^^^^^^
     |         |
     |         help: remove this `mut`
     |
     = note: `#[warn(unused_mut)]` (part of `#[warn(unused)]`) on by default

warning: unused variable: `state`
   --> crates\runtime\src\market.rs:443:28
    |
443 | async fn get_package(State(state): State<MarketState>, Path(id): Path<String>) -> Json<serde_json::Value> {
    |                            ^^^^^ help: if this is intentional, prefix it with an underscore: `_state`

warning: unused variable: `state`
   --> crates\runtime\src\market.rs:647:11
    |
647 |     State(state): State<MarketState>,
    |           ^^^^^ help: if this is intentional, prefix it with an underscore: `_state`

warning: unused variable: `real_id`
    --> crates\runtime\src\main.rs:1825:21
     |
1825 |                 let real_id = plg.replace('_', "-");
     |                     ^^^^^^^ help: if this is intentional, prefix it with an underscore: `_real_id`

warning: struct `UpdateFlowRequest` is never constructed
    --> crates\runtime\src\main.rs:1598:8
     |
1598 | struct UpdateFlowRequest {
     |        ^^^^^^^^^^^^^^^^^
     |
     = note: `#[warn(dead_code)]` (part of `#[warn(unused)]`) on by default

warning: field `jsonrpc` is never read
    --> crates\runtime\src\main.rs:1701:5
     |
1699 | struct McpRpcReq {
     |        --------- field in this struct
1700 |     #[serde(default)]
1701 |     jsonrpc: String,
     |     ^^^^^^^
     |
     = note: `McpRpcReq` has a derived impl for the trait `Debug`, but this is intentionally ignored during dead code analysis

warning: method `with_instance` is never used
  --> crates\runtime\src\api_standard.rs:72:12
   |
58 | impl ProblemDetail {
   | ------------------ method in this implementation
...
72 |     pub fn with_instance(mut self, instance: impl Into<String>) -> Self {
   |            ^^^^^^^^^^^^^

warning: enum `ApiError` is never used
   --> crates\runtime\src\api_standard.rs:106:10
    |
106 | pub enum ApiError {
    |          ^^^^^^^^

warning: method `parts` is never used
   --> crates\runtime\src\api_standard.rs:117:8
    |
116 | impl ApiError {
    | ------------- method in this implementation
117 |     fn parts(&self) -> (StatusCode, String, Option<String>) {
    |        ^^^^^

warning: type alias `ApiResult` is never used
   --> crates\runtime\src\api_standard.rs:152:10
    |
152 | pub type ApiResult<T> = Result<T, ApiError>;
    |          ^^^^^^^^^

warning: enum `Role` is never used
  --> crates\runtime\src\rbac_middleware.rs:25:10
   |
25 | pub enum Role {
   |          ^^^^

warning: associated items `from_str` and `inherited_roles` are never used
  --> crates\runtime\src\rbac_middleware.rs:35:12
   |
34 | impl Role {
   | --------- associated items in this implementation
35 |     pub fn from_str(s: &str) -> Option<Self> {
   |            ^^^^^^^^
...
47 |     pub fn inherited_roles(&self) -> Vec<Role> {
   |            ^^^^^^^^^^^^^^^

warning: enum `Permission` is never used
  --> crates\runtime\src\rbac_middleware.rs:60:10
   |
60 | pub enum Permission {
   |          ^^^^^^^^^^

warning: associated function `from_route` is never used
  --> crates\runtime\src\rbac_middleware.rs:72:12
   |
71 | impl Permission {
   | --------------- associated function in this implementation
72 |     pub fn from_route(path: &str, method: &str) -> Option<Self> {
   |            ^^^^^^^^^^

warning: function `check_permission` is never used
   --> crates\runtime\src\rbac_middleware.rs:124:8
    |
124 | pub fn check_permission(roles: &[Role], permission: &Permission) -> bool {
    |        ^^^^^^^^^^^^^^^^

warning: function `role_has_permission` is never used
   --> crates\runtime\src\rbac_middleware.rs:130:4
    |
130 | fn role_has_permission(role: &Role, perm: &Permission) -> bool {
    |    ^^^^^^^^^^^^^^^^^^^

warning: struct `AuditEvent` is never constructed
   --> crates\runtime\src\rbac_middleware.rs:162:12
    |
162 | pub struct AuditEvent {
    |            ^^^^^^^^^^

warning: associated items `new`, `compute_hash`, `sign`, and `verify_signature` are never used
   --> crates\runtime\src\rbac_middleware.rs:179:12
    |
178 | impl AuditEvent {
    | --------------- associated items in this implementation
179 |     pub fn new(
    |            ^^^
...
212 |     pub fn compute_hash(&self) -> String {
    |            ^^^^^^^^^^^^
...
226 |     pub fn sign(&mut self, key: &[u8]) {
    |            ^^^^
...
235 |     pub fn verify_signature(&self, key: &[u8]) -> bool {
    |            ^^^^^^^^^^^^^^^^

warning: struct `RbacContext` is never constructed
   --> crates\runtime\src\rbac_middleware.rs:251:12
    |
251 | pub struct RbacContext {
    |            ^^^^^^^^^^^

warning: trait `AuditSink` is never used
   --> crates\runtime\src\rbac_middleware.rs:257:11
    |
257 | pub trait AuditSink: Send + Sync {
    |           ^^^^^^^^^

warning: struct `MemoryAuditSink` is never constructed
   --> crates\runtime\src\rbac_middleware.rs:262:12
    |
262 | pub struct MemoryAuditSink {
    |            ^^^^^^^^^^^^^^^

warning: associated items `new` and `get_events` are never used
   --> crates\runtime\src\rbac_middleware.rs:267:12
    |
266 | impl MemoryAuditSink {
    | -------------------- associated items in this implementation
267 |     pub fn new() -> Self {
    |            ^^^
...
273 |     pub async fn get_events(&self) -> Vec<AuditEvent> {
    |                  ^^^^^^^^^^

warning: struct `LogAuditSink` is never constructed
   --> crates\runtime\src\rbac_middleware.rs:287:12
    |
287 | pub struct LogAuditSink;
    |            ^^^^^^^^^^^^

warning: function `is_public_route` is never used
   --> crates\runtime\src\rbac_middleware.rs:305:8
    |
305 | pub fn is_public_route(path: &str) -> bool {
    |        ^^^^^^^^^^^^^^^

warning: function `extract_roles_from_token` is never used
   --> crates\runtime\src\rbac_middleware.rs:317:8
    |
317 | pub fn extract_roles_from_token(token: &str) -> Vec<Role> {
    |        ^^^^^^^^^^^^^^^^^^^^^^^^

warning: function `extract_tenant_from_token` is never used
   --> crates\runtime\src\rbac_middleware.rs:338:8
    |
338 | pub fn extract_tenant_from_token(token: &str, default_tenant: &str) -> String {
    |        ^^^^^^^^^^^^^^^^^^^^^^^^^

warning: function `rbac_audit_middleware` is never used
   --> crates\runtime\src\rbac_middleware.rs:351:14
    |
351 | pub async fn rbac_audit_middleware(
    |              ^^^^^^^^^^^^^^^^^^^^^

warning: fields `tags` and `session_id` are never read
  --> crates\runtime\src\automation.rs:50:9
   |
43 | pub struct AutomationChatRequest {
   |            --------------------- fields in this struct
...
50 |     pub tags: Vec<String>,
   |         ^^^^
51 |     /// 会话 id（多轮对话用）
52 |     pub session_id: Option<String>,
   |         ^^^^^^^^^^
   |
   = note: `AutomationChatRequest` has a derived impl for the trait `Debug`, but this is intentionally ignored during dead code analysis

warning: `runtime` (bin "operator-server") generated 33 warnings (1 duplicate) (run `cargo fix --bin "operator-server" -p runtime` to apply 8 suggestions)
    Finished `dev` profile [unoptimized + debuginfo] target(s) in 1.49s
     Running `target\debug\operator-server.exe`
error: process didn't exit successfully: `target\debug\operator-server.exe` (exit code: 0xffffffff)
